ParseFailed (SrcLoc "testsuite/bad/CategoryInClass/CategoryInClass.hs" 6 5) "Parse error: piececategory"
