Wrong number of type indicators. Expected 2, got 1.
