Expected first argument to be a piece category, was: "Bool"
