{-# LANGUAGE TemplateHaskell #-}
{-# LANGUAGE TypeOperators #-}
{-# LANGUAGE FlexibleContexts #-}
{-# LANGUAGE FlexibleInstances #-}
{-# LANGUAGE MultiParamTypeClasses #-}
{-# LANGUAGE UndecidableInstances #-}
module CatCheckInFunc where
import qualified Data.Comp
import qualified Data.Comp.Derive
import qualified ComposableTypes

d :: () => a -> a
d a = a
