Wrong number of type indicators. Expected 1, got 2.
